------------------------------------------------------------
TimeQuest Timing Analyzer Summary
------------------------------------------------------------

Type  : Slow 1100mV 85C Model Setup 'cmd.CALL'
Slack : -5.472
TNS   : -225.202

Type  : Slow 1100mV 85C Model Setup 'clk'
Slack : -4.400
TNS   : -86.246

Type  : Slow 1100mV 85C Model Hold 'clk'
Slack : 0.110
TNS   : 0.000

Type  : Slow 1100mV 85C Model Hold 'cmd.CALL'
Slack : 0.737
TNS   : 0.000

Type  : Slow 1100mV 85C Model Minimum Pulse Width 'clk'
Slack : -0.724
TNS   : -63.243

Type  : Slow 1100mV 85C Model Minimum Pulse Width 'cmd.CALL'
Slack : 0.119
TNS   : 0.000

Type  : Slow 1100mV 0C Model Setup 'cmd.CALL'
Slack : -5.777
TNS   : -235.582

Type  : Slow 1100mV 0C Model Setup 'clk'
Slack : -4.570
TNS   : -82.214

Type  : Slow 1100mV 0C Model Hold 'clk'
Slack : -0.029
TNS   : -0.029

Type  : Slow 1100mV 0C Model Hold 'cmd.CALL'
Slack : 0.914
TNS   : 0.000

Type  : Slow 1100mV 0C Model Minimum Pulse Width 'clk'
Slack : -0.724
TNS   : -63.385

Type  : Slow 1100mV 0C Model Minimum Pulse Width 'cmd.CALL'
Slack : 0.053
TNS   : 0.000

Type  : Fast 1100mV 85C Model Setup 'cmd.CALL'
Slack : -1.788
TNS   : -65.404

Type  : Fast 1100mV 85C Model Setup 'clk'
Slack : -1.597
TNS   : -42.996

Type  : Fast 1100mV 85C Model Hold 'cmd.CALL'
Slack : -0.069
TNS   : -0.069

Type  : Fast 1100mV 85C Model Hold 'clk'
Slack : 0.396
TNS   : 0.000

Type  : Fast 1100mV 85C Model Minimum Pulse Width 'cmd.CALL'
Slack : -0.168
TNS   : -5.706

Type  : Fast 1100mV 85C Model Minimum Pulse Width 'clk'
Slack : -0.089
TNS   : -4.804

Type  : Fast 1100mV 0C Model Setup 'cmd.CALL'
Slack : -1.587
TNS   : -58.324

Type  : Fast 1100mV 0C Model Setup 'clk'
Slack : -1.322
TNS   : -36.415

Type  : Fast 1100mV 0C Model Hold 'cmd.CALL'
Slack : 0.000
TNS   : 0.000

Type  : Fast 1100mV 0C Model Hold 'clk'
Slack : 0.275
TNS   : 0.000

Type  : Fast 1100mV 0C Model Minimum Pulse Width 'cmd.CALL'
Slack : -0.148
TNS   : -5.189

Type  : Fast 1100mV 0C Model Minimum Pulse Width 'clk'
Slack : -0.088
TNS   : -4.831

------------------------------------------------------------
